﻿
> frontend@0.0.0 build
> vite build

[36mvite v7.3.1 [32mbuilding client environment for production...[36m[39m
transforming...
[32mΓ£ô[39m 544 modules transformed.
node.exe : [31mΓ£ù[39m Build failed in 2.68s
At line:1 char:1
+ & "C:\Program Files\nodejs/node.exe" "C:\Program Files\nodejs/node_mo ...
+ ~~~~~~~~~~~~~~~~~~~~~~~~~~~~~~~~~~~~~~~~~~~~~~~~~~~~~~~~~~~~~~~~~~~~~
    + CategoryInfo          : NotSpecified: ([31mΓ£ù[39m Build failed in 2.68s:String) [], RemoteException
    + FullyQualifiedErrorId : NativeCommandError
 
[31merror during build:
[31msrc/pages/public/HostelDetails.jsx (4:99): "FiBed" is not exported by "node_modules/react-icons/fi/index.mjs", 
imported by "src/pages/public/HostelDetails.jsx".[31m
file: [36mC:/roomzy/frontend/src/pages/public/HostelDetails.jsx:4:99[31m
[33m
2: import { useParams, Link, useNavigate } from 'react-router-dom';
3: import { motion, AnimatePresence } from 'framer-motion';
4: import { FiMapPin, FiStar, FiUser, FiChevronLeft, FiChevronRight, FiX, FiHeart, FiShare2, FiCheck, FiBed, 
FiDollarSig...
                                                                                                      ^
5: import { HiCheckBadge } from 'react-icons/hi2';
6: import api from '../../api/axios';
[31m
    at getRollupError (file:///C:/roomzy/frontend/node_modules/rollup/dist/es/shared/parseAst.js:402:41)
    at error (file:///C:/roomzy/frontend/node_modules/rollup/dist/es/shared/parseAst.js:398:42)
    at Module.error (file:///C:/roomzy/frontend/node_modules/rollup/dist/es/shared/node-entry.js:17040:16)
    at Module.traceVariable (file:///C:/roomzy/frontend/node_modules/rollup/dist/es/shared/node-entry.js:17452:29)
    at ModuleScope.findVariable (file:///C:/roomzy/frontend/node_modules/rollup/dist/es/shared/node-entry.js:15070:39)
    at FunctionScope.findVariable (file:///C:/roomzy/frontend/node_modules/rollup/dist/es/shared/node-entry.js:5673:38)
    at FunctionBodyScope.findVariable 
(file:///C:/roomzy/frontend/node_modules/rollup/dist/es/shared/node-entry.js:5673:38)
    at Identifier.bind (file:///C:/roomzy/frontend/node_modules/rollup/dist/es/shared/node-entry.js:5447:40)
    at CallExpression.bind (file:///C:/roomzy/frontend/node_modules/rollup/dist/es/shared/node-entry.js:2825:28)
    at CallExpression.bind (file:///C:/roomzy/frontend/node_modules/rollup/dist/es/shared/node-entry.js:12179:15)[39m
